6600-6-666-6-60092233720368547758079223372036854775807-1-10000
