1100-1-111-1-10092233720368547758079223372036854775807-1-100
