00840208402000-84020-84020879058790500-87905-8790500000009223372036854775807-1000
